This file contains any messages produced by compilers while
running configure, to aid debugging if configure makes a mistake.

It was created by IMEX_SfloW2D configure 1.0, which was
generated by GNU Autoconf 2.71.  Invocation command line was

  $ ./configure --with-netcdf=/home/ebreard/miniforge3/envs/fortran_env

## --------- ##
## Platform. ##
## --------- ##

hostname = GEOS-W-086
uname -m = x86_64
uname -r = 6.6.87.2-microsoft-standard-WSL2
uname -s = Linux
uname -v = #1 SMP PREEMPT_DYNAMIC Thu Jun  5 18:30:46 UTC 2025

/usr/bin/uname -p = x86_64
/bin/uname -X     = unknown

/bin/arch              = x86_64
/usr/bin/arch -k       = unknown
/usr/convex/getsysinfo = unknown
/usr/bin/hostinfo      = unknown
/bin/machine           = unknown
/usr/bin/oslevel       = unknown
/bin/universe          = unknown

PATH: /mnt/c/Users/ebreard/Documents/python3_env/myenv/bin/
PATH: /usr/local/sbin/
PATH: /usr/local/bin/
PATH: /usr/sbin/
PATH: /usr/bin/
PATH: /sbin/
PATH: /bin/
PATH: /usr/games/
PATH: /usr/local/games/
PATH: /usr/lib/wsl/lib/
PATH: /mnt/c/Program Files/WindowsApps/MicrosoftCorporationII.WindowsSubsystemForLinux_2.5.10.0_x64__8wekyb3d8bbwe/
PATH: /mnt/c/Program Files (x86)/Eclipse Adoptium/jre/bin/
PATH: /mnt/c/WINDOWS/system32/
PATH: /mnt/c/WINDOWS/
PATH: /mnt/c/WINDOWS/System32/Wbem/
PATH: /mnt/c/WINDOWS/System32/WindowsPowerShell/v1.0/
PATH: /mnt/c/WINDOWS/System32/OpenSSH/
PATH: /mnt/c/Program Files (x86)/NVIDIA Corporation/PhysX/Common/
PATH: /mnt/c/Program Files/dotnet/
PATH: /mnt/c/Program Files/MATLAB/R2025a/bin/
PATH: /mnt/c/Program Files/IcedTeaWeb/WebStart/bin/
PATH: /mnt/c/Users/ebreard/AppData/Local/Microsoft/WindowsApps/
PATH: /mnt/c/Users/ebreard/AppData/Local/Programs/Microsoft VS Code/bin/
PATH: /snap/bin/


## ----------- ##
## Core tests. ##
## ----------- ##

configure:1779: looking for aux files: missing install-sh
configure:1792:  trying ./
configure:1821:   ./missing found
configure:1803:   ./install-sh found
configure:1995: checking for gfortran
configure:2016: found /usr/bin/gfortran
configure:2027: result: gfortran
configure:2053: checking for Fortran compiler version
configure:2062: gfortran --version >&5
GNU Fortran (Ubuntu 13.3.0-6ubuntu2~24.04) 13.3.0
Copyright (C) 2023 Free Software Foundation, Inc.
This is free software; see the source for copying conditions.  There is NO
warranty; not even for MERCHANTABILITY or FITNESS FOR A PARTICULAR PURPOSE.

configure:2073: $? = 0
configure:2062: gfortran -v >&5
Using built-in specs.
COLLECT_GCC=gfortran
COLLECT_LTO_WRAPPER=/usr/libexec/gcc/x86_64-linux-gnu/13/lto-wrapper
OFFLOAD_TARGET_NAMES=nvptx-none:amdgcn-amdhsa
OFFLOAD_TARGET_DEFAULT=1
Target: x86_64-linux-gnu
Configured with: ../src/configure -v --with-pkgversion='Ubuntu 13.3.0-6ubuntu2~24.04' --with-bugurl=file:///usr/share/doc/gcc-13/README.Bugs --enable-languages=c,ada,c++,go,d,fortran,objc,obj-c++,m2 --prefix=/usr --with-gcc-major-version-only --program-suffix=-13 --program-prefix=x86_64-linux-gnu- --enable-shared --enable-linker-build-id --libexecdir=/usr/libexec --without-included-gettext --enable-threads=posix --libdir=/usr/lib --enable-nls --enable-bootstrap --enable-clocale=gnu --enable-libstdcxx-debug --enable-libstdcxx-time=yes --with-default-libstdcxx-abi=new --enable-libstdcxx-backtrace --enable-gnu-unique-object --disable-vtable-verify --enable-plugin --enable-default-pie --with-system-zlib --enable-libphobos-checking=release --with-target-system-zlib=auto --enable-objc-gc=auto --enable-multiarch --disable-werror --enable-cet --with-arch-32=i686 --with-abi=m64 --with-multilib-list=m32,m64,mx32 --enable-multilib --with-tune=generic --enable-offload-targets=nvptx-none=/build/gcc-13-fG75Ri/gcc-13-13.3.0/debian/tmp-nvptx/usr,amdgcn-amdhsa=/build/gcc-13-fG75Ri/gcc-13-13.3.0/debian/tmp-gcn/usr --enable-offload-defaulted --without-cuda-driver --enable-checking=release --build=x86_64-linux-gnu --host=x86_64-linux-gnu --target=x86_64-linux-gnu --with-build-config=bootstrap-lto-lean --enable-link-serialization=2
Thread model: posix
Supported LTO compression algorithms: zlib zstd
gcc version 13.3.0 (Ubuntu 13.3.0-6ubuntu2~24.04) 
... rest of stderr output deleted ...
configure:2073: $? = 0
configure:2062: gfortran -V >&5
gfortran: error: unrecognized command-line option '-V'
gfortran: fatal error: no input files
compilation terminated.
configure:2073: $? = 1
configure:2062: gfortran -qversion >&5
gfortran: error: unrecognized command-line option '-qversion'; did you mean '--version'?
gfortran: fatal error: no input files
compilation terminated.
configure:2073: $? = 1
configure:2088: checking whether the Fortran compiler works
configure:2110: gfortran    conftest.f  >&5
configure:2114: $? = 0
configure:2164: result: yes
configure:2167: checking for Fortran compiler default output file name
configure:2169: result: a.out
configure:2175: checking for suffix of executables
configure:2182: gfortran -o conftest    conftest.f  >&5
configure:2186: $? = 0
configure:2209: result: 
configure:2225: checking whether we are cross compiling
configure:2233: gfortran -o conftest    conftest.f  >&5
configure:2237: $? = 0
configure:2244: ./conftest
configure:2248: $? = 0
configure:2263: result: no
configure:2268: checking for suffix of object files
configure:2285: gfortran -c   conftest.f >&5
configure:2289: $? = 0
configure:2311: result: o
configure:2319: checking whether the compiler supports GNU Fortran
configure:2333: gfortran -c   conftest.F >&5
configure:2333: $? = 0
configure:2343: result: yes
configure:2351: checking whether gfortran accepts -g
configure:2363: gfortran -c -g  conftest.f >&5
configure:2363: $? = 0
configure:2372: result: yes
configure:2421: checking for a BSD-compatible install
configure:2494: result: /usr/bin/install -c
configure:2505: checking whether build environment is sane
configure:2560: result: yes
configure:2719: checking for a race-free mkdir -p
configure:2763: result: /usr/bin/mkdir -p
configure:2770: checking for gawk
configure:2791: found /usr/bin/gawk
configure:2802: result: gawk
configure:2813: checking whether make sets $(MAKE)
configure:2836: result: yes
configure:2866: checking whether make supports nested variables
configure:2884: result: yes
configure:3180: checking that generated files are newer than configure
configure:3186: result: done
configure:3201: creating ./config.status

## ---------------------- ##
## Running config.status. ##
## ---------------------- ##

This file was extended by IMEX_SfloW2D config.status 1.0, which was
generated by GNU Autoconf 2.71.  Invocation command line was

  CONFIG_FILES    = 
  CONFIG_HEADERS  = 
  CONFIG_LINKS    = 
  CONFIG_COMMANDS = 
  $ ./config.status 

on GEOS-W-086

config.status:749: creating Makefile
config.status:749: creating src/Makefile

## ---------------- ##
## Cache variables. ##
## ---------------- ##

ac_cv_env_FCFLAGS_set=
ac_cv_env_FCFLAGS_value=
ac_cv_env_FC_set=
ac_cv_env_FC_value=
ac_cv_env_LDFLAGS_set=
ac_cv_env_LDFLAGS_value=
ac_cv_env_LIBS_set=
ac_cv_env_LIBS_value=
ac_cv_env_build_alias_set=
ac_cv_env_build_alias_value=
ac_cv_env_host_alias_set=
ac_cv_env_host_alias_value=
ac_cv_env_target_alias_set=
ac_cv_env_target_alias_value=
ac_cv_fc_compiler_gnu=yes
ac_cv_objext=o
ac_cv_path_install='/usr/bin/install -c'
ac_cv_path_mkdir=/usr/bin/mkdir
ac_cv_prog_AWK=gawk
ac_cv_prog_ac_ct_FC=gfortran
ac_cv_prog_fc_g=yes
ac_cv_prog_make_make_set=yes
am_cv_make_support_nested_variables=yes

## ----------------- ##
## Output variables. ##
## ----------------- ##

ACLOCAL='${SHELL} '\''/mnt/c/Users/ebreard/Documents/IMEX/ERIC/IMEX_SfloW2D_v2/missing'\'' aclocal-1.16'
AMTAR='$${TAR-tar}'
AM_BACKSLASH='\'
AM_DEFAULT_V='$(AM_DEFAULT_VERBOSITY)'
AM_DEFAULT_VERBOSITY='1'
AM_V='$(V)'
AUTOCONF='${SHELL} '\''/mnt/c/Users/ebreard/Documents/IMEX/ERIC/IMEX_SfloW2D_v2/missing'\'' autoconf'
AUTOHEADER='${SHELL} '\''/mnt/c/Users/ebreard/Documents/IMEX/ERIC/IMEX_SfloW2D_v2/missing'\'' autoheader'
AUTOMAKE='${SHELL} '\''/mnt/c/Users/ebreard/Documents/IMEX/ERIC/IMEX_SfloW2D_v2/missing'\'' automake-1.16'
AWK='gawk'
CSCOPE='cscope'
CTAGS='ctags'
CYGPATH_W='echo'
DEFS='-DPACKAGE_NAME=\"IMEX_SfloW2D\" -DPACKAGE_TARNAME=\"imex_sflow2d\" -DPACKAGE_VERSION=\"1.0\" -DPACKAGE_STRING=\"IMEX_SfloW2D\ 1.0\" -DPACKAGE_BUGREPORT=\"mattia.demichielivitturi@ingv.it\" -DPACKAGE_URL=\"\" -DPACKAGE=\"imex_sflow2d\" -DVERSION=\"1.0\"'
ECHO_C=''
ECHO_N='-n'
ECHO_T=''
ETAGS='etags'
EXEEXT=''
FC='gfortran'
FCFLAGS='-g -O2'
INSTALL_DATA='${INSTALL} -m 644'
INSTALL_PROGRAM='${INSTALL}'
INSTALL_SCRIPT='${INSTALL}'
INSTALL_STRIP_PROGRAM='$(install_sh) -c -s'
LDFLAGS=''
LIBOBJS=''
LIBS=''
LTLIBOBJS=''
MAKEINFO='${SHELL} '\''/mnt/c/Users/ebreard/Documents/IMEX/ERIC/IMEX_SfloW2D_v2/missing'\'' makeinfo'
MKDIR_P='/usr/bin/mkdir -p'
NETCDF='/home/ebreard/miniforge3/envs/fortran_env'
OBJEXT='o'
PACKAGE='imex_sflow2d'
PACKAGE_BUGREPORT='mattia.demichielivitturi@ingv.it'
PACKAGE_NAME='IMEX_SfloW2D'
PACKAGE_STRING='IMEX_SfloW2D 1.0'
PACKAGE_TARNAME='imex_sflow2d'
PACKAGE_URL=''
PACKAGE_VERSION='1.0'
PATH_SEPARATOR=':'
SET_MAKE=''
SHELL='/bin/bash'
STRIP=''
VERSION='1.0'
ac_ct_FC='gfortran'
am__EXEEXT_FALSE=''
am__EXEEXT_TRUE='#'
am__isrc=''
am__leading_dot='.'
am__tar='$${TAR-tar} chof - "$$tardir"'
am__untar='$${TAR-tar} xf -'
bindir='${exec_prefix}/bin'
build_alias=''
datadir='${datarootdir}'
datarootdir='${prefix}/share'
docdir='${datarootdir}/doc/${PACKAGE_TARNAME}'
dvidir='${docdir}'
exec_prefix='${prefix}'
host_alias=''
htmldir='${docdir}'
includedir='${prefix}/include'
infodir='${datarootdir}/info'
install_sh='${SHELL} /mnt/c/Users/ebreard/Documents/IMEX/ERIC/IMEX_SfloW2D_v2/install-sh'
libdir='${exec_prefix}/lib'
libexecdir='${exec_prefix}/libexec'
localedir='${datarootdir}/locale'
localstatedir='${prefix}/var'
mandir='${datarootdir}/man'
mkdir_p='$(MKDIR_P)'
oldincludedir='/usr/include'
pdfdir='${docdir}'
prefix='..'
program_transform_name='s,x,x,'
psdir='${docdir}'
runstatedir='${localstatedir}/run'
sbindir='${exec_prefix}/sbin'
sharedstatedir='${prefix}/com'
sysconfdir='${prefix}/etc'
target_alias=''

## ----------- ##
## confdefs.h. ##
## ----------- ##

/* confdefs.h */
#define PACKAGE_NAME "IMEX_SfloW2D"
#define PACKAGE_TARNAME "imex_sflow2d"
#define PACKAGE_VERSION "1.0"
#define PACKAGE_STRING "IMEX_SfloW2D 1.0"
#define PACKAGE_BUGREPORT "mattia.demichielivitturi@ingv.it"
#define PACKAGE_URL ""
#define PACKAGE "imex_sflow2d"
#define VERSION "1.0"

configure: exit 0
